Component: ARM Compiler 5.06 update 3 (build 300) Tool: armlink [4d35c9]

==============================================================================

Section Cross References

    test.o(i.main) refers to hardware.o(i.LnitGPIO) for LnitGPIO
    test.o(i.main) refers to hardware.o(i.LnitFTM0_PWM) for LnitFTM0_PWM
    test.o(i.main) refers to hardware.o(i.FTM0_Setspeed) for FTM0_Setspeed
    test.o(i.main) refers to hardware.o(i.Iskeydown) for Iskeydown
    test.o(i.main) refers to hardware.o(i.FTM0_Shache) for FTM0_Shache
    hardware.o(i.Iskeydown) refers to hardware.o(i.delay) for delay
    hardware.o(i.PIT0_IRQHandler) refers to hardware.o(i.itoa) for itoa
    hardware.o(i.PIT0_IRQHandler) refers to hardware.o(i.UART4_Sendstring) for UART4_Sendstring
    hardware.o(i.PIT0_IRQHandler) refers to hardware.o(.data) for speed
    hardware.o(i.UART4_Sendstring) refers to hardware.o(i.UART4_Sendbyte) for UART4_Sendbyte
    pid.o(i.incremePid) refers to faddsub_clz.o(x$fpl$fsub) for __aeabi_fsub
    pid.o(i.incremePid) refers to fmul.o(x$fpl$fmul) for __aeabi_fmul
    pid.o(i.incremePid) refers to faddsub_clz.o(x$fpl$frsb) for __aeabi_frsub
    pid.o(i.incremePid) refers to faddsub_clz.o(x$fpl$fadd) for __aeabi_fadd
    pid.o(i.incremePid) refers to fdiv.o(x$fpl$fdiv) for __aeabi_fdiv
    pid.o(i.initPID) refers to pid.o(.bss) for pid1
    pid.o(i.positonPid) refers to faddsub_clz.o(x$fpl$fsub) for __aeabi_fsub
    pid.o(i.positonPid) refers to faddsub_clz.o(x$fpl$fadd) for __aeabi_fadd
    pid.o(i.positonPid) refers to fmul.o(x$fpl$fmul) for __aeabi_fmul
    pid.o(i.positonPid) refers to fdiv.o(x$fpl$fdiv) for __aeabi_fdiv
    nrf24l01.o(i.NRF24L01_Check) refers to nrf24l01.o(i.NRF24L01_Write_Buf) for NRF24L01_Write_Buf
    nrf24l01.o(i.NRF24L01_Check) refers to nrf24l01.o(i.NRF24L01_Read_Buf) for NRF24L01_Read_Buf
    nrf24l01.o(i.NRF24L01_Init) refers to hardware.o(i.SPI0_lnit) for SPI0_lnit
    nrf24l01.o(i.NRF24L01_RX_Mode) refers to nrf24l01.o(i.NRF24L01_Write_Buf) for NRF24L01_Write_Buf
    nrf24l01.o(i.NRF24L01_RX_Mode) refers to nrf24l01.o(i.NRF24L01_Write_Reg) for NRF24L01_Write_Reg
    nrf24l01.o(i.NRF24L01_RX_Mode) refers to nrf24l01.o(.constdata) for RX_ADDRESS
    nrf24l01.o(i.NRF24L01_Read_Buf) refers to hardware.o(i.SPI0_Sendbyte) for SPI0_Sendbyte
    nrf24l01.o(i.NRF24L01_Read_Buf) refers to hardware.o(i.SPI0_Receivebyte) for SPI0_Receivebyte
    nrf24l01.o(i.NRF24L01_Read_Reg) refers to hardware.o(i.SPI0_Sendbyte) for SPI0_Sendbyte
    nrf24l01.o(i.NRF24L01_Read_Reg) refers to hardware.o(i.SPI0_Receivebyte) for SPI0_Receivebyte
    nrf24l01.o(i.NRF24L01_RxPacket) refers to nrf24l01.o(i.NRF24L01_Read_Reg) for NRF24L01_Read_Reg
    nrf24l01.o(i.NRF24L01_RxPacket) refers to nrf24l01.o(i.NRF24L01_Write_Reg) for NRF24L01_Write_Reg
    nrf24l01.o(i.NRF24L01_RxPacket) refers to nrf24l01.o(i.NRF24L01_Read_Buf) for NRF24L01_Read_Buf
    nrf24l01.o(i.NRF24L01_TX_Mode) refers to nrf24l01.o(i.NRF24L01_Write_Buf) for NRF24L01_Write_Buf
    nrf24l01.o(i.NRF24L01_TX_Mode) refers to nrf24l01.o(i.NRF24L01_Write_Reg) for NRF24L01_Write_Reg
    nrf24l01.o(i.NRF24L01_TX_Mode) refers to nrf24l01.o(.constdata) for TX_ADDRESS1
    nrf24l01.o(i.NRF24L01_TxPacket) refers to nrf24l01.o(i.NRF24L01_Write_Buf) for NRF24L01_Write_Buf
    nrf24l01.o(i.NRF24L01_TxPacket) refers to nrf24l01.o(i.NRF24L01_Read_Reg) for NRF24L01_Read_Reg
    nrf24l01.o(i.NRF24L01_TxPacket) refers to nrf24l01.o(i.NRF24L01_Write_Reg) for NRF24L01_Write_Reg
    nrf24l01.o(i.NRF24L01_Write_Buf) refers to hardware.o(i.SPI0_Sendbyte) for SPI0_Sendbyte
    nrf24l01.o(i.NRF24L01_Write_Reg) refers to hardware.o(i.SPI0_Sendbyte) for SPI0_Sendbyte
    startup_mk60d10.o(STACK) refers (Special) to heapauxi.o(.text) for __use_two_region_memory
    startup_mk60d10.o(HEAP) refers (Special) to heapauxi.o(.text) for __use_two_region_memory
    startup_mk60d10.o(RESET) refers (Special) to heapauxi.o(.text) for __use_two_region_memory
    startup_mk60d10.o(RESET) refers to startup_mk60d10.o(STACK) for __initial_sp
    startup_mk60d10.o(RESET) refers to startup_mk60d10.o(.text) for Reset_Handler
    startup_mk60d10.o(RESET) refers to hardware.o(i.PIT0_IRQHandler) for PIT0_IRQHandler
    startup_mk60d10.o(.ARM.__at_0x400) refers (Special) to heapauxi.o(.text) for __use_two_region_memory
    startup_mk60d10.o(.text) refers (Special) to heapauxi.o(.text) for __use_two_region_memory
    startup_mk60d10.o(.text) refers to system_mk60d10.o(i.SystemInit) for SystemInit
    startup_mk60d10.o(.text) refers to __main.o(!!!main) for __main
    startup_mk60d10.o(.text) refers to startup_mk60d10.o(HEAP) for Heap_Mem
    startup_mk60d10.o(.text) refers to startup_mk60d10.o(STACK) for Stack_Mem
    system_mk60d10.o(i.SystemCoreClockUpdate) refers to system_mk60d10.o(.data) for SystemCoreClock
    __main.o(!!!main) refers to __rtentry.o(.ARM.Collect$$rtentry$$00000000) for __rt_entry
    faddsub_clz.o(x$fpl$fadd) refers (Special) to usenofp.o(x$fpl$usenofp) for __I$use$fp
    faddsub_clz.o(x$fpl$fadd) refers to faddsub_clz.o(x$fpl$fsub) for _fsub1
    faddsub_clz.o(x$fpl$fadd) refers to fretinf.o(x$fpl$fretinf) for __fpl_fretinf
    faddsub_clz.o(x$fpl$fadd) refers to fnaninf.o(x$fpl$fnaninf) for __fpl_fnaninf
    faddsub_clz.o(x$fpl$frsb) refers (Special) to usenofp.o(x$fpl$usenofp) for __I$use$fp
    faddsub_clz.o(x$fpl$frsb) refers to faddsub_clz.o(x$fpl$fadd) for _fadd1
    faddsub_clz.o(x$fpl$frsb) refers to faddsub_clz.o(x$fpl$fsub) for _fsub1
    faddsub_clz.o(x$fpl$fsub) refers (Special) to usenofp.o(x$fpl$usenofp) for __I$use$fp
    faddsub_clz.o(x$fpl$fsub) refers to faddsub_clz.o(x$fpl$fadd) for _fadd1
    faddsub_clz.o(x$fpl$fsub) refers to fnaninf.o(x$fpl$fnaninf) for __fpl_fnaninf
    fdiv.o(x$fpl$frdiv) refers (Special) to usenofp.o(x$fpl$usenofp) for __I$use$fp
    fdiv.o(x$fpl$frdiv) refers to fdiv.o(x$fpl$fdiv) for _fdiv1
    fdiv.o(x$fpl$fdiv) refers (Special) to usenofp.o(x$fpl$usenofp) for __I$use$fp
    fdiv.o(x$fpl$fdiv) refers to fretinf.o(x$fpl$fretinf) for __fpl_fretinf
    fdiv.o(x$fpl$fdiv) refers to fnaninf.o(x$fpl$fnaninf) for __fpl_fnaninf
    fmul.o(x$fpl$fmul) refers (Special) to usenofp.o(x$fpl$usenofp) for __I$use$fp
    fmul.o(x$fpl$fmul) refers to fretinf.o(x$fpl$fretinf) for __fpl_fretinf
    fmul.o(x$fpl$fmul) refers to fnaninf.o(x$fpl$fnaninf) for __fpl_fnaninf
    __rtentry.o(.ARM.Collect$$rtentry$$00000000) refers (Special) to __rtentry2.o(.ARM.Collect$$rtentry$$0000000A) for __rt_entry_li
    __rtentry.o(.ARM.Collect$$rtentry$$00000000) refers (Special) to __rtentry2.o(.ARM.Collect$$rtentry$$0000000D) for __rt_entry_main
    __rtentry.o(.ARM.Collect$$rtentry$$00000000) refers (Special) to __rtentry2.o(.ARM.Collect$$rtentry$$0000000C) for __rt_entry_postli_1
    __rtentry.o(.ARM.Collect$$rtentry$$00000000) refers (Special) to __rtentry2.o(.ARM.Collect$$rtentry$$00000009) for __rt_entry_postsh_1
    __rtentry.o(.ARM.Collect$$rtentry$$00000000) refers (Special) to __rtentry2.o(.ARM.Collect$$rtentry$$00000002) for __rt_entry_presh_1
    __rtentry.o(.ARM.Collect$$rtentry$$00000000) refers (Special) to __rtentry4.o(.ARM.Collect$$rtentry$$00000004) for __rt_entry_sh
    fnaninf.o(x$fpl$fnaninf) refers (Special) to usenofp.o(x$fpl$usenofp) for __I$use$fp
    fretinf.o(x$fpl$fretinf) refers (Special) to usenofp.o(x$fpl$usenofp) for __I$use$fp
    __rtentry2.o(.ARM.Collect$$rtentry$$00000008) refers to boardinit2.o(.text) for _platform_post_stackheap_init
    __rtentry2.o(.ARM.Collect$$rtentry$$0000000A) refers to libinit.o(.ARM.Collect$$libinit$$00000000) for __rt_lib_init
    __rtentry2.o(.ARM.Collect$$rtentry$$0000000B) refers to boardinit3.o(.text) for _platform_post_lib_init
    __rtentry2.o(.ARM.Collect$$rtentry$$0000000D) refers to test.o(i.main) for main
    __rtentry2.o(.ARM.Collect$$rtentry$$0000000D) refers to exit.o(.text) for exit
    __rtentry2.o(.ARM.exidx) refers to __rtentry2.o(.ARM.Collect$$rtentry$$00000001) for .ARM.Collect$$rtentry$$00000001
    __rtentry2.o(.ARM.exidx) refers to __rtentry2.o(.ARM.Collect$$rtentry$$00000008) for .ARM.Collect$$rtentry$$00000008
    __rtentry2.o(.ARM.exidx) refers to __rtentry2.o(.ARM.Collect$$rtentry$$0000000A) for .ARM.Collect$$rtentry$$0000000A
    __rtentry2.o(.ARM.exidx) refers to __rtentry2.o(.ARM.Collect$$rtentry$$0000000B) for .ARM.Collect$$rtentry$$0000000B
    __rtentry2.o(.ARM.exidx) refers to __rtentry2.o(.ARM.Collect$$rtentry$$0000000D) for .ARM.Collect$$rtentry$$0000000D
    __rtentry4.o(.ARM.Collect$$rtentry$$00000004) refers to sys_stackheap_outer.o(.text) for __user_setup_stackheap
    __rtentry4.o(.ARM.exidx) refers to __rtentry4.o(.ARM.Collect$$rtentry$$00000004) for .ARM.Collect$$rtentry$$00000004
    sys_stackheap_outer.o(.text) refers to libspace.o(.text) for __user_perproc_libspace
    sys_stackheap_outer.o(.text) refers to startup_mk60d10.o(.text) for __user_initial_stackheap
    exit.o(.text) refers to rtexit.o(.ARM.Collect$$rtexit$$00000000) for __rt_exit
    libinit.o(.ARM.Collect$$libinit$$00000000) refers (Special) to libinit2.o(.ARM.Collect$$libinit$$0000002E) for __rt_lib_init_alloca_1
    libinit.o(.ARM.Collect$$libinit$$00000000) refers (Special) to libinit2.o(.ARM.Collect$$libinit$$0000002C) for __rt_lib_init_argv_1
    libinit.o(.ARM.Collect$$libinit$$00000000) refers (Special) to libinit2.o(.ARM.Collect$$libinit$$0000001B) for __rt_lib_init_atexit_1
    libinit.o(.ARM.Collect$$libinit$$00000000) refers (Special) to libinit2.o(.ARM.Collect$$libinit$$00000021) for __rt_lib_init_clock_1
    libinit.o(.ARM.Collect$$libinit$$00000000) refers (Special) to libinit2.o(.ARM.Collect$$libinit$$00000032) for __rt_lib_init_cpp_1
    libinit.o(.ARM.Collect$$libinit$$00000000) refers (Special) to libinit2.o(.ARM.Collect$$libinit$$00000030) for __rt_lib_init_exceptions_1
    libinit.o(.ARM.Collect$$libinit$$00000000) refers (Special) to libinit2.o(.ARM.Collect$$libinit$$00000002) for __rt_lib_init_fp_1
    libinit.o(.ARM.Collect$$libinit$$00000000) refers (Special) to libinit2.o(.ARM.Collect$$libinit$$0000001F) for __rt_lib_init_fp_trap_1
    libinit.o(.ARM.Collect$$libinit$$00000000) refers (Special) to libinit2.o(.ARM.Collect$$libinit$$00000023) for __rt_lib_init_getenv_1
    libinit.o(.ARM.Collect$$libinit$$00000000) refers (Special) to libinit2.o(.ARM.Collect$$libinit$$0000000A) for __rt_lib_init_heap_1
    libinit.o(.ARM.Collect$$libinit$$00000000) refers (Special) to libinit2.o(.ARM.Collect$$libinit$$00000011) for __rt_lib_init_lc_collate_1
    libinit.o(.ARM.Collect$$libinit$$00000000) refers (Special) to libinit2.o(.ARM.Collect$$libinit$$00000013) for __rt_lib_init_lc_ctype_1
    libinit.o(.ARM.Collect$$libinit$$00000000) refers (Special) to libinit2.o(.ARM.Collect$$libinit$$00000015) for __rt_lib_init_lc_monetary_1
    libinit.o(.ARM.Collect$$libinit$$00000000) refers (Special) to libinit2.o(.ARM.Collect$$libinit$$00000017) for __rt_lib_init_lc_numeric_1
    libinit.o(.ARM.Collect$$libinit$$00000000) refers (Special) to libinit2.o(.ARM.Collect$$libinit$$00000019) for __rt_lib_init_lc_time_1
    libinit.o(.ARM.Collect$$libinit$$00000000) refers (Special) to libinit2.o(.ARM.Collect$$libinit$$00000004) for __rt_lib_init_preinit_1
    libinit.o(.ARM.Collect$$libinit$$00000000) refers (Special) to libinit2.o(.ARM.Collect$$libinit$$0000000E) for __rt_lib_init_rand_1
    libinit.o(.ARM.Collect$$libinit$$00000000) refers (Special) to libinit2.o(.ARM.Collect$$libinit$$00000033) for __rt_lib_init_return
    libinit.o(.ARM.Collect$$libinit$$00000000) refers (Special) to libinit2.o(.ARM.Collect$$libinit$$0000001D) for __rt_lib_init_signal_1
    libinit.o(.ARM.Collect$$libinit$$00000000) refers (Special) to libinit2.o(.ARM.Collect$$libinit$$00000025) for __rt_lib_init_stdio_1
    libinit.o(.ARM.Collect$$libinit$$00000000) refers (Special) to libinit2.o(.ARM.Collect$$libinit$$0000000C) for __rt_lib_init_user_alloc_1
    libspace.o(.text) refers to libspace.o(.bss) for __libspace_start
    rtexit.o(.ARM.Collect$$rtexit$$00000000) refers (Special) to rtexit2.o(.ARM.Collect$$rtexit$$00000004) for __rt_exit_exit
    rtexit.o(.ARM.Collect$$rtexit$$00000000) refers (Special) to rtexit2.o(.ARM.Collect$$rtexit$$00000003) for __rt_exit_ls
    rtexit.o(.ARM.Collect$$rtexit$$00000000) refers (Special) to rtexit2.o(.ARM.Collect$$rtexit$$00000002) for __rt_exit_prels_1
    rtexit.o(.ARM.exidx) refers (Special) to rtexit2.o(.ARM.Collect$$rtexit$$00000004) for __rt_exit_exit
    rtexit.o(.ARM.exidx) refers (Special) to rtexit2.o(.ARM.Collect$$rtexit$$00000003) for __rt_exit_ls
    rtexit.o(.ARM.exidx) refers (Special) to rtexit2.o(.ARM.Collect$$rtexit$$00000002) for __rt_exit_prels_1
    rtexit.o(.ARM.exidx) refers to rtexit.o(.ARM.Collect$$rtexit$$00000000) for .ARM.Collect$$rtexit$$00000000
    libinit2.o(.ARM.Collect$$libinit$$00000010) refers to libinit2.o(.ARM.Collect$$libinit$$0000000F) for .ARM.Collect$$libinit$$0000000F
    libinit2.o(.ARM.Collect$$libinit$$00000012) refers to libinit2.o(.ARM.Collect$$libinit$$0000000F) for .ARM.Collect$$libinit$$0000000F
    libinit2.o(.ARM.Collect$$libinit$$00000014) refers to libinit2.o(.ARM.Collect$$libinit$$0000000F) for .ARM.Collect$$libinit$$0000000F
    libinit2.o(.ARM.Collect$$libinit$$00000016) refers to libinit2.o(.ARM.Collect$$libinit$$0000000F) for .ARM.Collect$$libinit$$0000000F
    libinit2.o(.ARM.Collect$$libinit$$00000018) refers to libinit2.o(.ARM.Collect$$libinit$$0000000F) for .ARM.Collect$$libinit$$0000000F
    libinit2.o(.ARM.Collect$$libinit$$00000026) refers to argv_veneer.o(.emb_text) for __ARM_argv_veneer
    libinit2.o(.ARM.Collect$$libinit$$00000027) refers to argv_veneer.o(.emb_text) for __ARM_argv_veneer
    rtexit2.o(.ARM.Collect$$rtexit$$00000003) refers to libshutdown.o(.ARM.Collect$$libshutdown$$00000000) for __rt_lib_shutdown
    rtexit2.o(.ARM.Collect$$rtexit$$00000004) refers to sys_exit.o(.text) for _sys_exit
    rtexit2.o(.ARM.exidx) refers to rtexit2.o(.ARM.Collect$$rtexit$$00000001) for .ARM.Collect$$rtexit$$00000001
    rtexit2.o(.ARM.exidx) refers to rtexit2.o(.ARM.Collect$$rtexit$$00000003) for .ARM.Collect$$rtexit$$00000003
    rtexit2.o(.ARM.exidx) refers to rtexit2.o(.ARM.Collect$$rtexit$$00000004) for .ARM.Collect$$rtexit$$00000004
    argv_veneer.o(.emb_text) refers to no_argv.o(.text) for __ARM_get_argv
    sys_exit.o(.text) refers (Special) to use_no_semi.o(.text) for __I$use$semihosting
    sys_exit.o(.text) refers (Special) to indicate_semi.o(.text) for __semihosting_library_function
    _get_argv_nomalloc.o(.text) refers (Special) to hrguard.o(.text) for __heap_region$guard
    _get_argv_nomalloc.o(.text) refers to defsig_rtmem_outer.o(.text) for __rt_SIGRTMEM
    _get_argv_nomalloc.o(.text) refers to sys_command.o(.text) for _sys_command_string
    libshutdown.o(.ARM.Collect$$libshutdown$$00000000) refers (Special) to libshutdown2.o(.ARM.Collect$$libshutdown$$00000002) for __rt_lib_shutdown_cpp_1
    libshutdown.o(.ARM.Collect$$libshutdown$$00000000) refers (Special) to libshutdown2.o(.ARM.Collect$$libshutdown$$00000007) for __rt_lib_shutdown_fp_trap_1
    libshutdown.o(.ARM.Collect$$libshutdown$$00000000) refers (Special) to libshutdown2.o(.ARM.Collect$$libshutdown$$0000000F) for __rt_lib_shutdown_heap_1
    libshutdown.o(.ARM.Collect$$libshutdown$$00000000) refers (Special) to libshutdown2.o(.ARM.Collect$$libshutdown$$00000010) for __rt_lib_shutdown_return
    libshutdown.o(.ARM.Collect$$libshutdown$$00000000) refers (Special) to libshutdown2.o(.ARM.Collect$$libshutdown$$0000000A) for __rt_lib_shutdown_signal_1
    libshutdown.o(.ARM.Collect$$libshutdown$$00000000) refers (Special) to libshutdown2.o(.ARM.Collect$$libshutdown$$00000004) for __rt_lib_shutdown_stdio_1
    libshutdown.o(.ARM.Collect$$libshutdown$$00000000) refers (Special) to libshutdown2.o(.ARM.Collect$$libshutdown$$0000000C) for __rt_lib_shutdown_user_alloc_1
    sys_command.o(.text) refers (Special) to use_no_semi.o(.text) for __I$use$semihosting
    sys_command.o(.text) refers (Special) to indicate_semi.o(.text) for __semihosting_library_function
    defsig_rtmem_outer.o(.text) refers to defsig_rtmem_inner.o(.text) for __rt_SIGRTMEM_inner
    defsig_rtmem_outer.o(.text) refers to defsig_exit.o(.text) for __sig_exit
    defsig_rtmem_formal.o(.text) refers to rt_raise.o(.text) for __rt_raise
    rt_raise.o(.text) refers to __raise.o(.text) for __raise
    rt_raise.o(.text) refers to sys_exit.o(.text) for _sys_exit
    defsig_exit.o(.text) refers to sys_exit.o(.text) for _sys_exit
    defsig_rtmem_inner.o(.text) refers to defsig_general.o(.text) for __default_signal_display
    __raise.o(.text) refers to defsig.o(CL$$defsig) for __default_signal_handler
    defsig_general.o(.text) refers to sys_wrch.o(.text) for _ttywrch
    sys_wrch.o(.text) refers (Special) to use_no_semi.o(.text) for __I$use$semihosting
    sys_wrch.o(.text) refers (Special) to indicate_semi.o(.text) for __semihosting_library_function
    defsig.o(CL$$defsig) refers to defsig_rtmem_inner.o(.text) for __rt_SIGRTMEM_inner
    defsig_abrt_inner.o(.text) refers to defsig_general.o(.text) for __default_signal_display
    defsig_fpe_inner.o(.text) refers to defsig_general.o(.text) for __default_signal_display
    defsig_rtred_inner.o(.text) refers to defsig_general.o(.text) for __default_signal_display
    defsig_stak_inner.o(.text) refers to defsig_general.o(.text) for __default_signal_display
    defsig_pvfn_inner.o(.text) refers to defsig_general.o(.text) for __default_signal_display
    defsig_cppl_inner.o(.text) refers to defsig_general.o(.text) for __default_signal_display
    defsig_segv_inner.o(.text) refers to defsig_general.o(.text) for __default_signal_display
    defsig_other.o(.text) refers to defsig_general.o(.text) for __default_signal_display


==============================================================================

Removing Unused input sections from the image.

    Removing test.o(.rev16_text), (4 bytes).
    Removing test.o(.revsh_text), (4 bytes).
    Removing hardware.o(.rev16_text), (4 bytes).
    Removing hardware.o(.revsh_text), (4 bytes).
    Removing hardware.o(i.FTM0_Kongzhuan), (20 bytes).
    Removing hardware.o(i.LnitFTM2), (108 bytes).
    Removing hardware.o(i.LnitPIT), (100 bytes).
    Removing hardware.o(i.SPI0_Receivebyte), (28 bytes).
    Removing hardware.o(i.SPI0_Sendbyte), (76 bytes).
    Removing hardware.o(i.SPI0_lnit), (144 bytes).
    Removing hardware.o(i.UART4_Lnit), (124 bytes).
    Removing pid.o(i.incremePid), (150 bytes).
    Removing pid.o(i.initPID), (32 bytes).
    Removing pid.o(i.positonPid), (120 bytes).
    Removing pid.o(.bss), (48 bytes).
    Removing nrf24l01.o(.rev16_text), (4 bytes).
    Removing nrf24l01.o(.revsh_text), (4 bytes).
    Removing nrf24l01.o(i.NRF24L01_Check), (76 bytes).
    Removing nrf24l01.o(i.NRF24L01_Init), (88 bytes).
    Removing nrf24l01.o(i.NRF24L01_RX_Mode), (88 bytes).
    Removing nrf24l01.o(i.NRF24L01_Read_Buf), (60 bytes).
    Removing nrf24l01.o(i.NRF24L01_Read_Reg), (40 bytes).
    Removing nrf24l01.o(i.NRF24L01_RxPacket), (52 bytes).
    Removing nrf24l01.o(i.NRF24L01_TX_Mode), (80 bytes).
    Removing nrf24l01.o(i.NRF24L01_TxPacket), (62 bytes).
    Removing nrf24l01.o(i.NRF24L01_Write_Buf), (60 bytes).
    Removing nrf24l01.o(i.NRF24L01_Write_Reg), (40 bytes).
    Removing nrf24l01.o(.constdata), (20 bytes).
    Removing system_mk60d10.o(.rev16_text), (4 bytes).
    Removing system_mk60d10.o(.revsh_text), (4 bytes).
    Removing system_mk60d10.o(i.SystemCoreClockUpdate), (344 bytes).
    Removing system_mk60d10.o(.data), (4 bytes).

32 unused section(s) (total 1996 bytes) removed from the image.

==============================================================================

Image Symbol Table

    Local Symbols

    Symbol Name                              Value     Ov Type        Size  Object(Section)

    RESET                                    0x00000000   Section     1024  startup_mk60d10.o(RESET)
    ../clib/angel/boardlib.s                 0x00000000   Number         0  boardinit3.o ABSOLUTE
    ../clib/angel/boardlib.s                 0x00000000   Number         0  boardinit2.o ABSOLUTE
    ../clib/angel/boardlib.s                 0x00000000   Number         0  boardinit1.o ABSOLUTE
    ../clib/angel/boardlib.s                 0x00000000   Number         0  boardshut.o ABSOLUTE
    ../clib/angel/handlers.s                 0x00000000   Number         0  __scatter_copy.o ABSOLUTE
    ../clib/angel/handlers.s                 0x00000000   Number         0  __scatter_zi.o ABSOLUTE
    ../clib/angel/kernel.s                   0x00000000   Number         0  __rtentry.o ABSOLUTE
    ../clib/angel/kernel.s                   0x00000000   Number         0  __rtentry4.o ABSOLUTE
    ../clib/angel/kernel.s                   0x00000000   Number         0  __rtentry2.o ABSOLUTE
    ../clib/angel/kernel.s                   0x00000000   Number         0  rtexit.o ABSOLUTE
    ../clib/angel/kernel.s                   0x00000000   Number         0  rtexit2.o ABSOLUTE
    ../clib/angel/rt.s                       0x00000000   Number         0  rt_raise.o ABSOLUTE
    ../clib/angel/scatter.s                  0x00000000   Number         0  __scatter.o ABSOLUTE
    ../clib/angel/startup.s                  0x00000000   Number         0  __main.o ABSOLUTE
    ../clib/angel/sys.s                      0x00000000   Number         0  libspace.o ABSOLUTE
    ../clib/angel/sys.s                      0x00000000   Number         0  use_no_semi.o ABSOLUTE
    ../clib/angel/sys.s                      0x00000000   Number         0  indicate_semi.o ABSOLUTE
    ../clib/angel/sys.s                      0x00000000   Number         0  sys_stackheap_outer.o ABSOLUTE
    ../clib/angel/sysapp.c                   0x00000000   Number         0  sys_command.o ABSOLUTE
    ../clib/angel/sysapp.c                   0x00000000   Number         0  sys_wrch.o ABSOLUTE
    ../clib/angel/sysapp.c                   0x00000000   Number         0  sys_exit.o ABSOLUTE
    ../clib/armsys.c                         0x00000000   Number         0  _get_argv_nomalloc.o ABSOLUTE
    ../clib/armsys.c                         0x00000000   Number         0  argv_veneer.o ABSOLUTE
    ../clib/armsys.c                         0x00000000   Number         0  argv_veneer.o ABSOLUTE
    ../clib/armsys.c                         0x00000000   Number         0  no_argv.o ABSOLUTE
    ../clib/heapalloc.c                      0x00000000   Number         0  hrguard.o ABSOLUTE
    ../clib/heapaux.c                        0x00000000   Number         0  heapauxi.o ABSOLUTE
    ../clib/libinit.s                        0x00000000   Number         0  libinit.o ABSOLUTE
    ../clib/libinit.s                        0x00000000   Number         0  libshutdown2.o ABSOLUTE
    ../clib/libinit.s                        0x00000000   Number         0  libshutdown.o ABSOLUTE
    ../clib/libinit.s                        0x00000000   Number         0  libinit2.o ABSOLUTE
    ../clib/signal.c                         0x00000000   Number         0  defsig_rtmem_inner.o ABSOLUTE
    ../clib/signal.c                         0x00000000   Number         0  defsig_exit.o ABSOLUTE
    ../clib/signal.c                         0x00000000   Number         0  defsig_rtmem_formal.o ABSOLUTE
    ../clib/signal.c                         0x00000000   Number         0  defsig_other.o ABSOLUTE
    ../clib/signal.c                         0x00000000   Number         0  defsig_rtmem_outer.o ABSOLUTE
    ../clib/signal.c                         0x00000000   Number         0  __raise.o ABSOLUTE
    ../clib/signal.c                         0x00000000   Number         0  defsig_segv_inner.o ABSOLUTE
    ../clib/signal.c                         0x00000000   Number         0  defsig_cppl_inner.o ABSOLUTE
    ../clib/signal.c                         0x00000000   Number         0  defsig_pvfn_inner.o ABSOLUTE
    ../clib/signal.c                         0x00000000   Number         0  defsig_stak_inner.o ABSOLUTE
    ../clib/signal.c                         0x00000000   Number         0  defsig_rtred_inner.o ABSOLUTE
    ../clib/signal.c                         0x00000000   Number         0  defsig_fpe_inner.o ABSOLUTE
    ../clib/signal.c                         0x00000000   Number         0  defsig_abrt_inner.o ABSOLUTE
    ../clib/signal.c                         0x00000000   Number         0  defsig_general.o ABSOLUTE
    ../clib/signal.s                         0x00000000   Number         0  defsig.o ABSOLUTE
    ../clib/stdlib.c                         0x00000000   Number         0  exit.o ABSOLUTE
    ../fplib/faddsub.s                       0x00000000   Number         0  faddsub_clz.o ABSOLUTE
    ../fplib/fdiv.s                          0x00000000   Number         0  fdiv.o ABSOLUTE
    ../fplib/fmul.s                          0x00000000   Number         0  fmul.o ABSOLUTE
    ../fplib/fnaninf.s                       0x00000000   Number         0  fnaninf.o ABSOLUTE
    ../fplib/fpinit.s                        0x00000000   Number         0  fpinit.o ABSOLUTE
    ../fplib/fretinf.s                       0x00000000   Number         0  fretinf.o ABSOLUTE
    ../fplib/usenofp.s                       0x00000000   Number         0  usenofp.o ABSOLUTE
    Hardware\\hardware.c                     0x00000000   Number         0  hardware.o ABSOLUTE
    Hardware\\nrf24l01.c                     0x00000000   Number         0  nrf24l01.o ABSOLUTE
    Hardware\hardware.c                      0x00000000   Number         0  hardware.o ABSOLUTE
    Hardware\nrf24l01.c                      0x00000000   Number         0  nrf24l01.o ABSOLUTE
    Hardware\pid.c                           0x00000000   Number         0  pid.o ABSOLUTE
    RTE\Device\MK60DN512xxx10\startup_MK60D10.s 0x00000000   Number         0  startup_mk60d10.o ABSOLUTE
    RTE\Device\MK60DN512xxx10\system_MK60D10.c 0x00000000   Number         0  system_mk60d10.o ABSOLUTE
    RTE\\Device\\MK60DN512xxx10\\system_MK60D10.c 0x00000000   Number         0  system_mk60d10.o ABSOLUTE
    dc.s                                     0x00000000   Number         0  dc.o ABSOLUTE
    test.c                                   0x00000000   Number         0  test.o ABSOLUTE
    test.c                                   0x00000000   Number         0  test.o ABSOLUTE
    .ARM.__at_0x400                          0x00000400   Section       16  startup_mk60d10.o(.ARM.__at_0x400)
    !!!main                                  0x00000410   Section        8  __main.o(!!!main)
    !!!scatter                               0x00000418   Section       52  __scatter.o(!!!scatter)
    !!handler_copy                           0x0000044c   Section       26  __scatter_copy.o(!!handler_copy)
    !!handler_zi                             0x00000468   Section       28  __scatter_zi.o(!!handler_zi)
    .ARM.Collect$$libinit$$00000000          0x00000484   Section        2  libinit.o(.ARM.Collect$$libinit$$00000000)
    .ARM.Collect$$libinit$$00000002          0x00000486   Section        0  libinit2.o(.ARM.Collect$$libinit$$00000002)
    .ARM.Collect$$libinit$$00000004          0x00000486   Section        0  libinit2.o(.ARM.Collect$$libinit$$00000004)
    .ARM.Collect$$libinit$$0000000A          0x00000486   Section        0  libinit2.o(.ARM.Collect$$libinit$$0000000A)
    .ARM.Collect$$libinit$$0000000C          0x00000486   Section        0  libinit2.o(.ARM.Collect$$libinit$$0000000C)
    .ARM.Collect$$libinit$$0000000E          0x00000486   Section        0  libinit2.o(.ARM.Collect$$libinit$$0000000E)
    .ARM.Collect$$libinit$$00000011          0x00000486   Section        0  libinit2.o(.ARM.Collect$$libinit$$00000011)
    .ARM.Collect$$libinit$$00000013          0x00000486   Section        0  libinit2.o(.ARM.Collect$$libinit$$00000013)
    .ARM.Collect$$libinit$$00000015          0x00000486   Section        0  libinit2.o(.ARM.Collect$$libinit$$00000015)
    .ARM.Collect$$libinit$$00000017          0x00000486   Section        0  libinit2.o(.ARM.Collect$$libinit$$00000017)
    .ARM.Collect$$libinit$$00000019          0x00000486   Section        0  libinit2.o(.ARM.Collect$$libinit$$00000019)
    .ARM.Collect$$libinit$$0000001B          0x00000486   Section        0  libinit2.o(.ARM.Collect$$libinit$$0000001B)
    .ARM.Collect$$libinit$$0000001D          0x00000486   Section        0  libinit2.o(.ARM.Collect$$libinit$$0000001D)
    .ARM.Collect$$libinit$$0000001F          0x00000486   Section        0  libinit2.o(.ARM.Collect$$libinit$$0000001F)
    .ARM.Collect$$libinit$$00000021          0x00000486   Section        0  libinit2.o(.ARM.Collect$$libinit$$00000021)
    .ARM.Collect$$libinit$$00000023          0x00000486   Section        0  libinit2.o(.ARM.Collect$$libinit$$00000023)
    .ARM.Collect$$libinit$$00000025          0x00000486   Section        0  libinit2.o(.ARM.Collect$$libinit$$00000025)
    .ARM.Collect$$libinit$$0000002C          0x00000486   Section        0  libinit2.o(.ARM.Collect$$libinit$$0000002C)
    .ARM.Collect$$libinit$$0000002E          0x00000486   Section        0  libinit2.o(.ARM.Collect$$libinit$$0000002E)
    .ARM.Collect$$libinit$$00000030          0x00000486   Section        0  libinit2.o(.ARM.Collect$$libinit$$00000030)
    .ARM.Collect$$libinit$$00000032          0x00000486   Section        0  libinit2.o(.ARM.Collect$$libinit$$00000032)
    .ARM.Collect$$libinit$$00000033          0x00000486   Section        2  libinit2.o(.ARM.Collect$$libinit$$00000033)
    .ARM.Collect$$libshutdown$$00000000      0x00000488   Section        2  libshutdown.o(.ARM.Collect$$libshutdown$$00000000)
    .ARM.Collect$$libshutdown$$00000002      0x0000048a   Section        0  libshutdown2.o(.ARM.Collect$$libshutdown$$00000002)
    .ARM.Collect$$libshutdown$$00000004      0x0000048a   Section        0  libshutdown2.o(.ARM.Collect$$libshutdown$$00000004)
    .ARM.Collect$$libshutdown$$00000007      0x0000048a   Section        0  libshutdown2.o(.ARM.Collect$$libshutdown$$00000007)
    .ARM.Collect$$libshutdown$$0000000A      0x0000048a   Section        0  libshutdown2.o(.ARM.Collect$$libshutdown$$0000000A)
    .ARM.Collect$$libshutdown$$0000000C      0x0000048a   Section        0  libshutdown2.o(.ARM.Collect$$libshutdown$$0000000C)
    .ARM.Collect$$libshutdown$$0000000F      0x0000048a   Section        0  libshutdown2.o(.ARM.Collect$$libshutdown$$0000000F)
    .ARM.Collect$$libshutdown$$00000010      0x0000048a   Section        2  libshutdown2.o(.ARM.Collect$$libshutdown$$00000010)
    .ARM.Collect$$rtentry$$00000000          0x0000048c   Section        0  __rtentry.o(.ARM.Collect$$rtentry$$00000000)
    .ARM.Collect$$rtentry$$00000002          0x0000048c   Section        0  __rtentry2.o(.ARM.Collect$$rtentry$$00000002)
    .ARM.Collect$$rtentry$$00000004          0x0000048c   Section        6  __rtentry4.o(.ARM.Collect$$rtentry$$00000004)
    .ARM.Collect$$rtentry$$00000009          0x00000492   Section        0  __rtentry2.o(.ARM.Collect$$rtentry$$00000009)
    .ARM.Collect$$rtentry$$0000000A          0x00000492   Section        4  __rtentry2.o(.ARM.Collect$$rtentry$$0000000A)
    .ARM.Collect$$rtentry$$0000000C          0x00000496   Section        0  __rtentry2.o(.ARM.Collect$$rtentry$$0000000C)
    .ARM.Collect$$rtentry$$0000000D          0x00000496   Section        8  __rtentry2.o(.ARM.Collect$$rtentry$$0000000D)
    .ARM.Collect$$rtexit$$00000000           0x0000049e   Section        2  rtexit.o(.ARM.Collect$$rtexit$$00000000)
    .ARM.Collect$$rtexit$$00000002           0x000004a0   Section        0  rtexit2.o(.ARM.Collect$$rtexit$$00000002)
    .ARM.Collect$$rtexit$$00000003           0x000004a0   Section        4  rtexit2.o(.ARM.Collect$$rtexit$$00000003)
    .ARM.Collect$$rtexit$$00000004           0x000004a4   Section        6  rtexit2.o(.ARM.Collect$$rtexit$$00000004)
    .text                                    0x000004ac   Section       60  startup_mk60d10.o(.text)
    .text                                    0x000004e8   Section        0  heapauxi.o(.text)
    .text                                    0x000004ee   Section       74  sys_stackheap_outer.o(.text)
    .text                                    0x00000538   Section        0  exit.o(.text)
    .text                                    0x0000054c   Section        8  libspace.o(.text)
    .text                                    0x00000554   Section        0  sys_exit.o(.text)
    .text                                    0x00000560   Section        2  use_no_semi.o(.text)
    .text                                    0x00000562   Section        0  indicate_semi.o(.text)
    i.FTM0_Setspeed                          0x00000564   Section        0  hardware.o(i.FTM0_Setspeed)
    i.FTM0_Shache                            0x000005a0   Section        0  hardware.o(i.FTM0_Shache)
    i.Iskeydown                              0x000005b4   Section        0  hardware.o(i.Iskeydown)
    i.LnitFTM0_PWM                           0x000005e0   Section        0  hardware.o(i.LnitFTM0_PWM)
    i.LnitGPIO                               0x000006c8   Section        0  hardware.o(i.LnitGPIO)
    i.PIT0_IRQHandler                        0x00000730   Section        0  hardware.o(i.PIT0_IRQHandler)
    i.SystemInit                             0x00000798   Section        0  system_mk60d10.o(i.SystemInit)
    i.UART4_Sendbyte                         0x000007fc   Section        0  hardware.o(i.UART4_Sendbyte)
    i.UART4_Sendstring                       0x00000814   Section        0  hardware.o(i.UART4_Sendstring)
    i.delay                                  0x0000082a   Section        0  hardware.o(i.delay)
    i.itoa                                   0x00000838   Section        0  hardware.o(i.itoa)
    i.main                                   0x000008d0   Section        0  test.o(i.main)
    .data                                    0x20000000   Section       12  hardware.o(.data)
    .bss                                     0x2000000c   Section       96  libspace.o(.bss)
    HEAP                                     0x20000070   Section        0  startup_mk60d10.o(HEAP)
    STACK                                    0x20000070   Section     1024  startup_mk60d10.o(STACK)
    Heap_Mem                                 0x20000070   Data           0  startup_mk60d10.o(HEAP)
    Stack_Mem                                0x20000070   Data        1024  startup_mk60d10.o(STACK)
    __initial_sp                             0x20000470   Data           0  startup_mk60d10.o(STACK)

    Global Symbols

    Symbol Name                              Value     Ov Type        Size  Object(Section)

    BuildAttributes$$THM_ISAv4$E$P$D$K$B$S$7EM$PE$A:L22UL41UL21$X:L11$S22US41US21$IEEE1$IW$USESV6$~STKCKD$USESV7$~SHL$OSPACE$ROPI$EBA8$UX$STANDARDLIB$REQ8$PRES8$EABIv2 0x00000000   Number         0  anon$$obj.o ABSOLUTE
    __ARM_use_no_argv                        0x00000000   Number         0  test.o ABSOLUTE
    __Vectors                                0x00000000   Data           4  startup_mk60d10.o(RESET)
    __ARM_exceptions_init                     - Undefined Weak Reference
    __alloca_initialize                       - Undefined Weak Reference
    __arm_preinit_                            - Undefined Weak Reference
    __cpp_initialize__aeabi_                  - Undefined Weak Reference
    __cxa_finalize                            - Undefined Weak Reference
    __rt_locale                               - Undefined Weak Reference
    __sigvec_lookup                           - Undefined Weak Reference
    _atexit_init                              - Undefined Weak Reference
    _call_atexit_fns                          - Undefined Weak Reference
    _clock_init                               - Undefined Weak Reference
    _fp_trap_init                             - Undefined Weak Reference
    _fp_trap_shutdown                         - Undefined Weak Reference
    _get_lc_collate                           - Undefined Weak Reference
    _get_lc_ctype                             - Undefined Weak Reference
    _get_lc_monetary                          - Undefined Weak Reference
    _get_lc_numeric                           - Undefined Weak Reference
    _get_lc_time                              - Undefined Weak Reference
    _getenv_init                              - Undefined Weak Reference
    _handle_redirection                       - Undefined Weak Reference
    _init_alloc                               - Undefined Weak Reference
    _init_user_alloc                          - Undefined Weak Reference
    _initio                                   - Undefined Weak Reference
    _rand_init                                - Undefined Weak Reference
    _signal_finish                            - Undefined Weak Reference
    _signal_init                              - Undefined Weak Reference
    _terminate_alloc                          - Undefined Weak Reference
    _terminate_user_alloc                     - Undefined Weak Reference
    _terminateio                              - Undefined Weak Reference
    __Vectors_End                            0x00000400   Data           0  startup_mk60d10.o(RESET)
    __Vectors_Size                           0x00000400   Number         0  startup_mk60d10.o ABSOLUTE
    __main                                   0x00000411   Thumb Code     8  __main.o(!!!main)
    __scatterload                            0x00000419   Thumb Code     0  __scatter.o(!!!scatter)
    __scatterload_rt2                        0x00000419   Thumb Code    44  __scatter.o(!!!scatter)
    __scatterload_rt2_thumb_only             0x00000419   Thumb Code     0  __scatter.o(!!!scatter)
    __scatterload_null                       0x00000427   Thumb Code     0  __scatter.o(!!!scatter)
    __scatterload_copy                       0x0000044d   Thumb Code    26  __scatter_copy.o(!!handler_copy)
    __scatterload_zeroinit                   0x00000469   Thumb Code    28  __scatter_zi.o(!!handler_zi)
    __rt_lib_init                            0x00000485   Thumb Code     0  libinit.o(.ARM.Collect$$libinit$$00000000)
    __rt_lib_init_alloca_1                   0x00000487   Thumb Code     0  libinit2.o(.ARM.Collect$$libinit$$0000002E)
    __rt_lib_init_argv_1                     0x00000487   Thumb Code     0  libinit2.o(.ARM.Collect$$libinit$$0000002C)
    __rt_lib_init_atexit_1                   0x00000487   Thumb Code     0  libinit2.o(.ARM.Collect$$libinit$$0000001B)
    __rt_lib_init_clock_1                    0x00000487   Thumb Code     0  libinit2.o(.ARM.Collect$$libinit$$00000021)
    __rt_lib_init_cpp_1                      0x00000487   Thumb Code     0  libinit2.o(.ARM.Collect$$libinit$$00000032)
    __rt_lib_init_exceptions_1               0x00000487   Thumb Code     0  libinit2.o(.ARM.Collect$$libinit$$00000030)
    __rt_lib_init_fp_1                       0x00000487   Thumb Code     0  libinit2.o(.ARM.Collect$$libinit$$00000002)
    __rt_lib_init_fp_trap_1                  0x00000487   Thumb Code     0  libinit2.o(.ARM.Collect$$libinit$$0000001F)
    __rt_lib_init_getenv_1                   0x00000487   Thumb Code     0  libinit2.o(.ARM.Collect$$libinit$$00000023)
    __rt_lib_init_heap_1                     0x00000487   Thumb Code     0  libinit2.o(.ARM.Collect$$libinit$$0000000A)
    __rt_lib_init_lc_collate_1               0x00000487   Thumb Code     0  libinit2.o(.ARM.Collect$$libinit$$00000011)
    __rt_lib_init_lc_ctype_1                 0x00000487   Thumb Code     0  libinit2.o(.ARM.Collect$$libinit$$00000013)
    __rt_lib_init_lc_monetary_1              0x00000487   Thumb Code     0  libinit2.o(.ARM.Collect$$libinit$$00000015)
    __rt_lib_init_lc_numeric_1               0x00000487   Thumb Code     0  libinit2.o(.ARM.Collect$$libinit$$00000017)
    __rt_lib_init_lc_time_1                  0x00000487   Thumb Code     0  libinit2.o(.ARM.Collect$$libinit$$00000019)
    __rt_lib_init_preinit_1                  0x00000487   Thumb Code     0  libinit2.o(.ARM.Collect$$libinit$$00000004)
    __rt_lib_init_rand_1                     0x00000487   Thumb Code     0  libinit2.o(.ARM.Collect$$libinit$$0000000E)
    __rt_lib_init_return                     0x00000487   Thumb Code     0  libinit2.o(.ARM.Collect$$libinit$$00000033)
    __rt_lib_init_signal_1                   0x00000487   Thumb Code     0  libinit2.o(.ARM.Collect$$libinit$$0000001D)
    __rt_lib_init_stdio_1                    0x00000487   Thumb Code     0  libinit2.o(.ARM.Collect$$libinit$$00000025)
    __rt_lib_init_user_alloc_1               0x00000487   Thumb Code     0  libinit2.o(.ARM.Collect$$libinit$$0000000C)
    __rt_lib_shutdown                        0x00000489   Thumb Code     0  libshutdown.o(.ARM.Collect$$libshutdown$$00000000)
    __rt_lib_shutdown_cpp_1                  0x0000048b   Thumb Code     0  libshutdown2.o(.ARM.Collect$$libshutdown$$00000002)
    __rt_lib_shutdown_fp_trap_1              0x0000048b   Thumb Code     0  libshutdown2.o(.ARM.Collect$$libshutdown$$00000007)
    __rt_lib_shutdown_heap_1                 0x0000048b   Thumb Code     0  libshutdown2.o(.ARM.Collect$$libshutdown$$0000000F)
    __rt_lib_shutdown_return                 0x0000048b   Thumb Code     0  libshutdown2.o(.ARM.Collect$$libshutdown$$00000010)
    __rt_lib_shutdown_signal_1               0x0000048b   Thumb Code     0  libshutdown2.o(.ARM.Collect$$libshutdown$$0000000A)
    __rt_lib_shutdown_stdio_1                0x0000048b   Thumb Code     0  libshutdown2.o(.ARM.Collect$$libshutdown$$00000004)
    __rt_lib_shutdown_user_alloc_1           0x0000048b   Thumb Code     0  libshutdown2.o(.ARM.Collect$$libshutdown$$0000000C)
    __rt_entry                               0x0000048d   Thumb Code     0  __rtentry.o(.ARM.Collect$$rtentry$$00000000)
    __rt_entry_presh_1                       0x0000048d   Thumb Code     0  __rtentry2.o(.ARM.Collect$$rtentry$$00000002)
    __rt_entry_sh                            0x0000048d   Thumb Code     0  __rtentry4.o(.ARM.Collect$$rtentry$$00000004)
    __rt_entry_li                            0x00000493   Thumb Code     0  __rtentry2.o(.ARM.Collect$$rtentry$$0000000A)
    __rt_entry_postsh_1                      0x00000493   Thumb Code     0  __rtentry2.o(.ARM.Collect$$rtentry$$00000009)
    __rt_entry_main                          0x00000497   Thumb Code     0  __rtentry2.o(.ARM.Collect$$rtentry$$0000000D)
    __rt_entry_postli_1                      0x00000497   Thumb Code     0  __rtentry2.o(.ARM.Collect$$rtentry$$0000000C)
    __rt_exit                                0x0000049f   Thumb Code     0  rtexit.o(.ARM.Collect$$rtexit$$00000000)
    __rt_exit_ls                             0x000004a1   Thumb Code     0  rtexit2.o(.ARM.Collect$$rtexit$$00000003)
    __rt_exit_prels_1                        0x000004a1   Thumb Code     0  rtexit2.o(.ARM.Collect$$rtexit$$00000002)
    __rt_exit_exit                           0x000004a5   Thumb Code     0  rtexit2.o(.ARM.Collect$$rtexit$$00000004)
    Reset_Handler                            0x000004ad   Thumb Code     8  startup_mk60d10.o(.text)
    NMI_Handler                              0x000004b5   Thumb Code     2  startup_mk60d10.o(.text)
    HardFault_Handler                        0x000004b7   Thumb Code     2  startup_mk60d10.o(.text)
    MemManage_Handler                        0x000004b9   Thumb Code     2  startup_mk60d10.o(.text)
    BusFault_Handler                         0x000004bb   Thumb Code     2  startup_mk60d10.o(.text)
    UsageFault_Handler                       0x000004bd   Thumb Code     2  startup_mk60d10.o(.text)
    SVC_Handler                              0x000004bf   Thumb Code     2  startup_mk60d10.o(.text)
    DebugMon_Handler                         0x000004c1   Thumb Code     2  startup_mk60d10.o(.text)
    PendSV_Handler                           0x000004c3   Thumb Code     2  startup_mk60d10.o(.text)
    SysTick_Handler                          0x000004c5   Thumb Code     2  startup_mk60d10.o(.text)
    ADC0_IRQHandler                          0x000004c7   Thumb Code     0  startup_mk60d10.o(.text)
    ADC1_IRQHandler                          0x000004c7   Thumb Code     0  startup_mk60d10.o(.text)
    CAN0_Bus_Off_IRQHandler                  0x000004c7   Thumb Code     0  startup_mk60d10.o(.text)
    CAN0_Error_IRQHandler                    0x000004c7   Thumb Code     0  startup_mk60d10.o(.text)
    CAN0_ORed_Message_buffer_IRQHandler      0x000004c7   Thumb Code     0  startup_mk60d10.o(.text)
    CAN0_Rx_Warning_IRQHandler               0x000004c7   Thumb Code     0  startup_mk60d10.o(.text)
    CAN0_Tx_Warning_IRQHandler               0x000004c7   Thumb Code     0  startup_mk60d10.o(.text)
    CAN0_Wake_Up_IRQHandler                  0x000004c7   Thumb Code     0  startup_mk60d10.o(.text)
    CAN1_Bus_Off_IRQHandler                  0x000004c7   Thumb Code     0  startup_mk60d10.o(.text)
    CAN1_Error_IRQHandler                    0x000004c7   Thumb Code     0  startup_mk60d10.o(.text)
    CAN1_ORed_Message_buffer_IRQHandler      0x000004c7   Thumb Code     0  startup_mk60d10.o(.text)
    CAN1_Rx_Warning_IRQHandler               0x000004c7   Thumb Code     0  startup_mk60d10.o(.text)
    CAN1_Tx_Warning_IRQHandler               0x000004c7   Thumb Code     0  startup_mk60d10.o(.text)
    CAN1_Wake_Up_IRQHandler                  0x000004c7   Thumb Code     0  startup_mk60d10.o(.text)
    CMP0_IRQHandler                          0x000004c7   Thumb Code     0  startup_mk60d10.o(.text)
    CMP1_IRQHandler                          0x000004c7   Thumb Code     0  startup_mk60d10.o(.text)
    CMP2_IRQHandler                          0x000004c7   Thumb Code     0  startup_mk60d10.o(.text)
    CMT_IRQHandler                           0x000004c7   Thumb Code     0  startup_mk60d10.o(.text)
    DAC0_IRQHandler                          0x000004c7   Thumb Code     0  startup_mk60d10.o(.text)
    DAC1_IRQHandler                          0x000004c7   Thumb Code     0  startup_mk60d10.o(.text)
    DMA0_IRQHandler                          0x000004c7   Thumb Code     0  startup_mk60d10.o(.text)
    DMA10_IRQHandler                         0x000004c7   Thumb Code     0  startup_mk60d10.o(.text)
    DMA11_IRQHandler                         0x000004c7   Thumb Code     0  startup_mk60d10.o(.text)
    DMA12_IRQHandler                         0x000004c7   Thumb Code     0  startup_mk60d10.o(.text)
    DMA13_IRQHandler                         0x000004c7   Thumb Code     0  startup_mk60d10.o(.text)
    DMA14_IRQHandler                         0x000004c7   Thumb Code     0  startup_mk60d10.o(.text)
    DMA15_IRQHandler                         0x000004c7   Thumb Code     0  startup_mk60d10.o(.text)
    DMA1_IRQHandler                          0x000004c7   Thumb Code     0  startup_mk60d10.o(.text)
    DMA2_IRQHandler                          0x000004c7   Thumb Code     0  startup_mk60d10.o(.text)
    DMA3_IRQHandler                          0x000004c7   Thumb Code     0  startup_mk60d10.o(.text)
    DMA4_IRQHandler                          0x000004c7   Thumb Code     0  startup_mk60d10.o(.text)
    DMA5_IRQHandler                          0x000004c7   Thumb Code     0  startup_mk60d10.o(.text)
    DMA6_IRQHandler                          0x000004c7   Thumb Code     0  startup_mk60d10.o(.text)
    DMA7_IRQHandler                          0x000004c7   Thumb Code     0  startup_mk60d10.o(.text)
    DMA8_IRQHandler                          0x000004c7   Thumb Code     0  startup_mk60d10.o(.text)
    DMA9_IRQHandler                          0x000004c7   Thumb Code     0  startup_mk60d10.o(.text)
    DMA_Error_IRQHandler                     0x000004c7   Thumb Code     0  startup_mk60d10.o(.text)
    DefaultISR                               0x000004c7   Thumb Code     0  startup_mk60d10.o(.text)
    ENET_1588_Timer_IRQHandler               0x000004c7   Thumb Code     0  startup_mk60d10.o(.text)
    ENET_Error_IRQHandler                    0x000004c7   Thumb Code     0  startup_mk60d10.o(.text)
    ENET_Receive_IRQHandler                  0x000004c7   Thumb Code     0  startup_mk60d10.o(.text)
    ENET_Transmit_IRQHandler                 0x000004c7   Thumb Code     0  startup_mk60d10.o(.text)
    FTFL_IRQHandler                          0x000004c7   Thumb Code     0  startup_mk60d10.o(.text)
    FTM0_IRQHandler                          0x000004c7   Thumb Code     0  startup_mk60d10.o(.text)
    FTM1_IRQHandler                          0x000004c7   Thumb Code     0  startup_mk60d10.o(.text)
    FTM2_IRQHandler                          0x000004c7   Thumb Code     0  startup_mk60d10.o(.text)
    I2C0_IRQHandler                          0x000004c7   Thumb Code     0  startup_mk60d10.o(.text)
    I2C1_IRQHandler                          0x000004c7   Thumb Code     0  startup_mk60d10.o(.text)
    I2S0_Rx_IRQHandler                       0x000004c7   Thumb Code     0  startup_mk60d10.o(.text)
    I2S0_Tx_IRQHandler                       0x000004c7   Thumb Code     0  startup_mk60d10.o(.text)
    LLW_IRQHandler                           0x000004c7   Thumb Code     0  startup_mk60d10.o(.text)
    LPTimer_IRQHandler                       0x000004c7   Thumb Code     0  startup_mk60d10.o(.text)
    LVD_LVW_IRQHandler                       0x000004c7   Thumb Code     0  startup_mk60d10.o(.text)
    MCG_IRQHandler                           0x000004c7   Thumb Code     0  startup_mk60d10.o(.text)
    MCM_IRQHandler                           0x000004c7   Thumb Code     0  startup_mk60d10.o(.text)
    PDB0_IRQHandler                          0x000004c7   Thumb Code     0  startup_mk60d10.o(.text)
    PIT1_IRQHandler                          0x000004c7   Thumb Code     0  startup_mk60d10.o(.text)
    PIT2_IRQHandler                          0x000004c7   Thumb Code     0  startup_mk60d10.o(.text)
    PIT3_IRQHandler                          0x000004c7   Thumb Code     0  startup_mk60d10.o(.text)
    PORTA_IRQHandler                         0x000004c7   Thumb Code     0  startup_mk60d10.o(.text)
    PORTB_IRQHandler                         0x000004c7   Thumb Code     0  startup_mk60d10.o(.text)
    PORTC_IRQHandler                         0x000004c7   Thumb Code     0  startup_mk60d10.o(.text)
    PORTD_IRQHandler                         0x000004c7   Thumb Code     0  startup_mk60d10.o(.text)
    PORTE_IRQHandler                         0x000004c7   Thumb Code     0  startup_mk60d10.o(.text)
    RNG_IRQHandler                           0x000004c7   Thumb Code     0  startup_mk60d10.o(.text)
    RTC_IRQHandler                           0x000004c7   Thumb Code     0  startup_mk60d10.o(.text)
    RTC_Seconds_IRQHandler                   0x000004c7   Thumb Code     0  startup_mk60d10.o(.text)
    Read_Collision_IRQHandler                0x000004c7   Thumb Code     0  startup_mk60d10.o(.text)
    Reserved102_IRQHandler                   0x000004c7   Thumb Code     0  startup_mk60d10.o(.text)
    Reserved108_IRQHandler                   0x000004c7   Thumb Code     0  startup_mk60d10.o(.text)
    Reserved109_IRQHandler                   0x000004c7   Thumb Code     0  startup_mk60d10.o(.text)
    Reserved111_IRQHandler                   0x000004c7   Thumb Code     0  startup_mk60d10.o(.text)
    Reserved112_IRQHandler                   0x000004c7   Thumb Code     0  startup_mk60d10.o(.text)
    Reserved113_IRQHandler                   0x000004c7   Thumb Code     0  startup_mk60d10.o(.text)
    Reserved114_IRQHandler                   0x000004c7   Thumb Code     0  startup_mk60d10.o(.text)
    Reserved115_IRQHandler                   0x000004c7   Thumb Code     0  startup_mk60d10.o(.text)
    Reserved116_IRQHandler                   0x000004c7   Thumb Code     0  startup_mk60d10.o(.text)
    Reserved117_IRQHandler                   0x000004c7   Thumb Code     0  startup_mk60d10.o(.text)
    Reserved118_IRQHandler                   0x000004c7   Thumb Code     0  startup_mk60d10.o(.text)
    Reserved119_IRQHandler                   0x000004c7   Thumb Code     0  startup_mk60d10.o(.text)
    Reserved59_IRQHandler                    0x000004c7   Thumb Code     0  startup_mk60d10.o(.text)
    Reserved95_IRQHandler                    0x000004c7   Thumb Code     0  startup_mk60d10.o(.text)
    SDHC_IRQHandler                          0x000004c7   Thumb Code     0  startup_mk60d10.o(.text)
    SPI0_IRQHandler                          0x000004c7   Thumb Code     0  startup_mk60d10.o(.text)
    SPI1_IRQHandler                          0x000004c7   Thumb Code     0  startup_mk60d10.o(.text)
    SPI2_IRQHandler                          0x000004c7   Thumb Code     0  startup_mk60d10.o(.text)
    SWI_IRQHandler                           0x000004c7   Thumb Code     0  startup_mk60d10.o(.text)
    TSI0_IRQHandler                          0x000004c7   Thumb Code     0  startup_mk60d10.o(.text)
    UART0_ERR_IRQHandler                     0x000004c7   Thumb Code     0  startup_mk60d10.o(.text)
    UART0_LON_IRQHandler                     0x000004c7   Thumb Code     0  startup_mk60d10.o(.text)
    UART0_RX_TX_IRQHandler                   0x000004c7   Thumb Code     0  startup_mk60d10.o(.text)
    UART1_ERR_IRQHandler                     0x000004c7   Thumb Code     0  startup_mk60d10.o(.text)
    UART1_RX_TX_IRQHandler                   0x000004c7   Thumb Code     0  startup_mk60d10.o(.text)
    UART2_ERR_IRQHandler                     0x000004c7   Thumb Code     0  startup_mk60d10.o(.text)
    UART2_RX_TX_IRQHandler                   0x000004c7   Thumb Code     0  startup_mk60d10.o(.text)
    UART3_ERR_IRQHandler                     0x000004c7   Thumb Code     0  startup_mk60d10.o(.text)
    UART3_RX_TX_IRQHandler                   0x000004c7   Thumb Code     0  startup_mk60d10.o(.text)
    UART4_ERR_IRQHandler                     0x000004c7   Thumb Code     0  startup_mk60d10.o(.text)
    UART4_RX_TX_IRQHandler                   0x000004c7   Thumb Code     0  startup_mk60d10.o(.text)
    UART5_ERR_IRQHandler                     0x000004c7   Thumb Code     0  startup_mk60d10.o(.text)
    UART5_RX_TX_IRQHandler                   0x000004c7   Thumb Code     0  startup_mk60d10.o(.text)
    USB0_IRQHandler                          0x000004c7   Thumb Code     0  startup_mk60d10.o(.text)
    USBDCD_IRQHandler                        0x000004c7   Thumb Code     0  startup_mk60d10.o(.text)
    Watchdog_IRQHandler                      0x000004c7   Thumb Code     0  startup_mk60d10.o(.text)
    __user_initial_stackheap                 0x000004c9   Thumb Code     0  startup_mk60d10.o(.text)
    __use_two_region_memory                  0x000004e9   Thumb Code     2  heapauxi.o(.text)
    __rt_heap_escrow$2region                 0x000004eb   Thumb Code     2  heapauxi.o(.text)
    __rt_heap_expand$2region                 0x000004ed   Thumb Code     2  heapauxi.o(.text)
    __user_setup_stackheap                   0x000004ef   Thumb Code    74  sys_stackheap_outer.o(.text)
    exit                                     0x00000539   Thumb Code    18  exit.o(.text)
    __user_libspace                          0x0000054d   Thumb Code     8  libspace.o(.text)
    __user_perproc_libspace                  0x0000054d   Thumb Code     0  libspace.o(.text)
    __user_perthread_libspace                0x0000054d   Thumb Code     0  libspace.o(.text)
    _sys_exit                                0x00000555   Thumb Code     8  sys_exit.o(.text)
    __I$use$semihosting                      0x00000561   Thumb Code     0  use_no_semi.o(.text)
    __use_no_semihosting_swi                 0x00000561   Thumb Code     2  use_no_semi.o(.text)
    __semihosting_library_function           0x00000563   Thumb Code     0  indicate_semi.o(.text)
    FTM0_Setspeed                            0x00000565   Thumb Code    54  hardware.o(i.FTM0_Setspeed)
    FTM0_Shache                              0x000005a1   Thumb Code    16  hardware.o(i.FTM0_Shache)
    Iskeydown                                0x000005b5   Thumb Code    38  hardware.o(i.Iskeydown)
    LnitFTM0_PWM                             0x000005e1   Thumb Code   216  hardware.o(i.LnitFTM0_PWM)
    LnitGPIO                                 0x000006c9   Thumb Code    90  hardware.o(i.LnitGPIO)
    PIT0_IRQHandler                          0x00000731   Thumb Code    70  hardware.o(i.PIT0_IRQHandler)
    SystemInit                               0x00000799   Thumb Code    88  system_mk60d10.o(i.SystemInit)
    UART4_Sendbyte                           0x000007fd   Thumb Code    20  hardware.o(i.UART4_Sendbyte)
    UART4_Sendstring                         0x00000815   Thumb Code    22  hardware.o(i.UART4_Sendstring)
    delay                                    0x0000082b   Thumb Code    14  hardware.o(i.delay)
    itoa                                     0x00000839   Thumb Code   140  hardware.o(i.itoa)
    main                                     0x000008d1   Thumb Code    36  test.o(i.main)
    Region$$Table$$Base                      0x000008f4   Number         0  anon$$obj.o(Region$$Table)
    Region$$Table$$Limit                     0x00000914   Number         0  anon$$obj.o(Region$$Table)
    speed                                    0x20000000   Data           4  hardware.o(.data)
    spe                                      0x20000004   Data           8  hardware.o(.data)
    __libspace_start                         0x2000000c   Data          96  libspace.o(.bss)
    __temporary_stack_top$libspace           0x2000006c   Data           0  libspace.o(.bss)



==============================================================================

Memory Map of the image

  Image Entry point : 0x00000411

  Load Region LR_IROM1 (Base: 0x00000000, Size: 0x00000920, Max: 0x00080000, ABSOLUTE)

    Execution Region ER_IROM1 (Base: 0x00000000, Size: 0x00000914, Max: 0x00080000, ABSOLUTE)

    Base Addr    Size         Type   Attr      Idx    E Section Name        Object

    0x00000000   0x00000400   Data   RO          298    RESET               startup_mk60d10.o
    0x00000400   0x00000010   Code   RO          299    .ARM.__at_0x400     startup_mk60d10.o
    0x00000410   0x00000008   Code   RO          342  * !!!main             c_w.l(__main.o)
    0x00000418   0x00000034   Code   RO          516    !!!scatter          c_w.l(__scatter.o)
    0x0000044c   0x0000001a   Code   RO          518    !!handler_copy      c_w.l(__scatter_copy.o)
    0x00000466   0x00000002   PAD
    0x00000468   0x0000001c   Code   RO          520    !!handler_zi        c_w.l(__scatter_zi.o)
    0x00000484   0x00000002   Code   RO          386    .ARM.Collect$$libinit$$00000000  c_w.l(libinit.o)
    0x00000486   0x00000000   Code   RO          393    .ARM.Collect$$libinit$$00000002  c_w.l(libinit2.o)
    0x00000486   0x00000000   Code   RO          395    .ARM.Collect$$libinit$$00000004  c_w.l(libinit2.o)
    0x00000486   0x00000000   Code   RO          398    .ARM.Collect$$libinit$$0000000A  c_w.l(libinit2.o)
    0x00000486   0x00000000   Code   RO          400    .ARM.Collect$$libinit$$0000000C  c_w.l(libinit2.o)
    0x00000486   0x00000000   Code   RO          402    .ARM.Collect$$libinit$$0000000E  c_w.l(libinit2.o)
    0x00000486   0x00000000   Code   RO          405    .ARM.Collect$$libinit$$00000011  c_w.l(libinit2.o)
    0x00000486   0x00000000   Code   RO          407    .ARM.Collect$$libinit$$00000013  c_w.l(libinit2.o)
    0x00000486   0x00000000   Code   RO          409    .ARM.Collect$$libinit$$00000015  c_w.l(libinit2.o)
    0x00000486   0x00000000   Code   RO          411    .ARM.Collect$$libinit$$00000017  c_w.l(libinit2.o)
    0x00000486   0x00000000   Code   RO          413    .ARM.Collect$$libinit$$00000019  c_w.l(libinit2.o)
    0x00000486   0x00000000   Code   RO          415    .ARM.Collect$$libinit$$0000001B  c_w.l(libinit2.o)
    0x00000486   0x00000000   Code   RO          417    .ARM.Collect$$libinit$$0000001D  c_w.l(libinit2.o)
    0x00000486   0x00000000   Code   RO          419    .ARM.Collect$$libinit$$0000001F  c_w.l(libinit2.o)
    0x00000486   0x00000000   Code   RO          421    .ARM.Collect$$libinit$$00000021  c_w.l(libinit2.o)
    0x00000486   0x00000000   Code   RO          423    .ARM.Collect$$libinit$$00000023  c_w.l(libinit2.o)
    0x00000486   0x00000000   Code   RO          425    .ARM.Collect$$libinit$$00000025  c_w.l(libinit2.o)
    0x00000486   0x00000000   Code   RO          429    .ARM.Collect$$libinit$$0000002C  c_w.l(libinit2.o)
    0x00000486   0x00000000   Code   RO          431    .ARM.Collect$$libinit$$0000002E  c_w.l(libinit2.o)
    0x00000486   0x00000000   Code   RO          433    .ARM.Collect$$libinit$$00000030  c_w.l(libinit2.o)
    0x00000486   0x00000000   Code   RO          435    .ARM.Collect$$libinit$$00000032  c_w.l(libinit2.o)
    0x00000486   0x00000002   Code   RO          436    .ARM.Collect$$libinit$$00000033  c_w.l(libinit2.o)
    0x00000488   0x00000002   Code   RO          456    .ARM.Collect$$libshutdown$$00000000  c_w.l(libshutdown.o)
    0x0000048a   0x00000000   Code   RO          469    .ARM.Collect$$libshutdown$$00000002  c_w.l(libshutdown2.o)
    0x0000048a   0x00000000   Code   RO          471    .ARM.Collect$$libshutdown$$00000004  c_w.l(libshutdown2.o)
    0x0000048a   0x00000000   Code   RO          474    .ARM.Collect$$libshutdown$$00000007  c_w.l(libshutdown2.o)
    0x0000048a   0x00000000   Code   RO          477    .ARM.Collect$$libshutdown$$0000000A  c_w.l(libshutdown2.o)
    0x0000048a   0x00000000   Code   RO          479    .ARM.Collect$$libshutdown$$0000000C  c_w.l(libshutdown2.o)
    0x0000048a   0x00000000   Code   RO          482    .ARM.Collect$$libshutdown$$0000000F  c_w.l(libshutdown2.o)
    0x0000048a   0x00000002   Code   RO          483    .ARM.Collect$$libshutdown$$00000010  c_w.l(libshutdown2.o)
    0x0000048c   0x00000000   Code   RO          356    .ARM.Collect$$rtentry$$00000000  c_w.l(__rtentry.o)
    0x0000048c   0x00000000   Code   RO          363    .ARM.Collect$$rtentry$$00000002  c_w.l(__rtentry2.o)
    0x0000048c   0x00000006   Code   RO          375    .ARM.Collect$$rtentry$$00000004  c_w.l(__rtentry4.o)
    0x00000492   0x00000000   Code   RO          365    .ARM.Collect$$rtentry$$00000009  c_w.l(__rtentry2.o)
    0x00000492   0x00000004   Code   RO          366    .ARM.Collect$$rtentry$$0000000A  c_w.l(__rtentry2.o)
    0x00000496   0x00000000   Code   RO          368    .ARM.Collect$$rtentry$$0000000C  c_w.l(__rtentry2.o)
    0x00000496   0x00000008   Code   RO          369    .ARM.Collect$$rtentry$$0000000D  c_w.l(__rtentry2.o)
    0x0000049e   0x00000002   Code   RO          390    .ARM.Collect$$rtexit$$00000000  c_w.l(rtexit.o)
    0x000004a0   0x00000000   Code   RO          438    .ARM.Collect$$rtexit$$00000002  c_w.l(rtexit2.o)
    0x000004a0   0x00000004   Code   RO          439    .ARM.Collect$$rtexit$$00000003  c_w.l(rtexit2.o)
    0x000004a4   0x00000006   Code   RO          440    .ARM.Collect$$rtexit$$00000004  c_w.l(rtexit2.o)
    0x000004aa   0x00000002   PAD
    0x000004ac   0x0000003c   Code   RO          300    .text               startup_mk60d10.o
    0x000004e8   0x00000006   Code   RO          340    .text               c_w.l(heapauxi.o)
    0x000004ee   0x0000004a   Code   RO          377    .text               c_w.l(sys_stackheap_outer.o)
    0x00000538   0x00000012   Code   RO          379    .text               c_w.l(exit.o)
    0x0000054a   0x00000002   PAD
    0x0000054c   0x00000008   Code   RO          387    .text               c_w.l(libspace.o)
    0x00000554   0x0000000c   Code   RO          448    .text               c_w.l(sys_exit.o)
    0x00000560   0x00000002   Code   RO          459    .text               c_w.l(use_no_semi.o)
    0x00000562   0x00000000   Code   RO          461    .text               c_w.l(indicate_semi.o)
    0x00000562   0x00000002   PAD
    0x00000564   0x0000003c   Code   RO           63    i.FTM0_Setspeed     hardware.o
    0x000005a0   0x00000014   Code   RO           64    i.FTM0_Shache       hardware.o
    0x000005b4   0x0000002c   Code   RO           65    i.Iskeydown         hardware.o
    0x000005e0   0x000000e8   Code   RO           66    i.LnitFTM0_PWM      hardware.o
    0x000006c8   0x00000068   Code   RO           68    i.LnitGPIO          hardware.o
    0x00000730   0x00000068   Code   RO           70    i.PIT0_IRQHandler   hardware.o
    0x00000798   0x00000064   Code   RO          309    i.SystemInit        system_mk60d10.o
    0x000007fc   0x00000018   Code   RO           75    i.UART4_Sendbyte    hardware.o
    0x00000814   0x00000016   Code   RO           76    i.UART4_Sendstring  hardware.o
    0x0000082a   0x0000000e   Code   RO           77    i.delay             hardware.o
    0x00000838   0x00000098   Code   RO           78    i.itoa              hardware.o
    0x000008d0   0x00000024   Code   RO            3    i.main              test.o
    0x000008f4   0x00000020   Data   RO          514    Region$$Table       anon$$obj.o


    Execution Region RW_IRAM1 (Base: 0x20000000, Size: 0x00000470, Max: 0x00010000, ABSOLUTE)

    Base Addr    Size         Type   Attr      Idx    E Section Name        Object

    0x20000000   0x0000000c   Data   RW           79    .data               hardware.o
    0x2000000c   0x00000060   Zero   RW          388    .bss                c_w.l(libspace.o)
    0x2000006c   0x00000004   PAD
    0x20000070   0x00000000   Zero   RW          297    HEAP                startup_mk60d10.o
    0x20000070   0x00000400   Zero   RW          296    STACK               startup_mk60d10.o


==============================================================================

Image component sizes


      Code (inc. data)   RO Data    RW Data    ZI Data      Debug   Object Name

       776         96          0         12          0       5353   hardware.o
        76         38       1024          0       1024       1000   startup_mk60d10.o
       100         12          0          0          0        477   system_mk60d10.o
        36          0          0          0          0       1875   test.o

    ----------------------------------------------------------------------
       988        146       1056         12       1024       8705   Object Totals
         0          0         32          0          0          0   (incl. Generated)
         0          0          0          0          0          0   (incl. Padding)

    ----------------------------------------------------------------------

      Code (inc. data)   RO Data    RW Data    ZI Data      Debug   Library Member Name

         8          0          0          0          0         68   __main.o
         0          0          0          0          0          0   __rtentry.o
        12          0          0          0          0          0   __rtentry2.o
         6          0          0          0          0          0   __rtentry4.o
        52          8          0          0          0          0   __scatter.o
        26          0          0          0          0          0   __scatter_copy.o
        28          0          0          0          0          0   __scatter_zi.o
        18          0          0          0          0         80   exit.o
         6          0          0          0          0        152   heapauxi.o
         0          0          0          0          0          0   indicate_semi.o
         2          0          0          0          0          0   libinit.o
         2          0          0          0          0          0   libinit2.o
         2          0          0          0          0          0   libshutdown.o
         2          0          0          0          0          0   libshutdown2.o
         8          4          0          0         96         68   libspace.o
         2          0          0          0          0          0   rtexit.o
        10          0          0          0          0          0   rtexit2.o
        12          4          0          0          0         68   sys_exit.o
        74          0          0          0          0         80   sys_stackheap_outer.o
         2          0          0          0          0         68   use_no_semi.o

    ----------------------------------------------------------------------
       280         16          0          0        100        584   Library Totals
         8          0          0          0          4          0   (incl. Padding)

    ----------------------------------------------------------------------

      Code (inc. data)   RO Data    RW Data    ZI Data      Debug   Library Name

       272         16          0          0         96        584   c_w.l

    ----------------------------------------------------------------------
       280         16          0          0        100        584   Library Totals

    ----------------------------------------------------------------------

==============================================================================


      Code (inc. data)   RO Data    RW Data    ZI Data      Debug   

      1268        162       1056         12       1124       8661   Grand Totals
      1268        162       1056         12       1124       8661   ELF Image Totals
      1268        162       1056         12          0          0   ROM Totals

==============================================================================

    Total RO  Size (Code + RO Data)                 2324 (   2.27kB)
    Total RW  Size (RW Data + ZI Data)              1136 (   1.11kB)
    Total ROM Size (Code + RO Data + RW Data)       2336 (   2.28kB)

==============================================================================

